nyyas@yasuginaoyanoMacBook-Air git_challenge % echo 'Hello World!' >> hello_world.txt

nyyas@yasuginaoyanoMacBook-Air git_challenge % git add hello_world.txt 
nyyas@yasuginaoyanoMacBook-Air git_challenge % git commit -m 'hellow_world.txtを追加'

[main 3eba690] hellow_world.txtを追加
 1 file changed, 1 deletion(-)
nyyas@yasuginaoyanoMacBook-Air git_challenge % echo 'こんにちは、世界。' >> hello_world.txt
nyyas@yasuginaoyanoMacBook-Air git_challenge % git add hello_world.txt
nyyas@yasuginaoyanoMacBook-Air git_challenge % git commit -m '日本語訳を追記'       
[main 9e1d838] 日本語訳を追記
 1 file changed, 1 insertion(+)
nyyas@yasuginaoyanoMacBook-Air git_challenge % git log --oneline
9e1d838 (HEAD -> main) 日本語訳を追記
3eba690 hellow_world.txtを追加
nyyas@yasuginaoyanoMacBook-Air git_challenge % 